{"timestamp":"2026-06-04T21:14:15.692914Z","level":"info","event":"DAG bundles loaded: dags-folder","logger":"airflow.dag_processing.bundles.manager.DagBundlesManager","filename":"manager.py","lineno":209}
{"timestamp":"2026-06-04T21:14:15.698006Z","level":"info","event":"Filling up the DagBag from /opt/airflow/dags/dag_1.py","logger":"airflow.dag_processing.dagbag.BundleDagBag","filename":"dagbag.py","lineno":469}
{"timestamp":"2026-06-04T21:14:15.761425Z","level":"info","event":"/opt/airflow","logger":"task.stdout"}
{"timestamp":"2026-06-04T21:14:15.858810Z","level":"warning","event":"ProvidersManager.hooks is deprecated. Use ProvidersManagerTaskRuntime.hooks from task-sdk instead.","category":"DeprecatedImportWarning","filename":"/home/airflow/.local/lib/python3.13/site-packages/airflow/providers/databricks/hooks/databricks_base.py","lineno":177,"logger":"py.warnings"}
{"timestamp":"2026-06-04T21:14:15.861590Z","level":"info","event":"Using basic auth.","logger":"airflow.task.hooks.airflow.providers.databricks.hooks.databricks.DatabricksHook","filename":"databricks_base.py","lineno":1111}
{"timestamp":"2026-06-04T21:14:16.434197Z","level":"info","event":"Run submitted with run_id: 33246295956824","logger":"airflow.task.operators.airflow.providers.databricks.operators.databricks.DatabricksRunNowOperator","filename":"databricks.py","lineno":94}
{"timestamp":"2026-06-04T21:14:16.434594Z","level":"info","event":"Using basic auth.","logger":"airflow.task.hooks.airflow.providers.databricks.hooks.databricks.DatabricksHook","filename":"databricks_base.py","lineno":1111}
{"timestamp":"2026-06-04T21:14:16.937286Z","level":"info","event":"Using basic auth.","logger":"airflow.task.hooks.airflow.providers.databricks.hooks.databricks.DatabricksHook","filename":"databricks_base.py","lineno":1111}
{"timestamp":"2026-06-04T21:14:17.327572Z","level":"info","event":"gold_later_order_detail_jobjob in run state: {'life_cycle_state': 'RUNNING', 'result_state': '', 'state_message': ''}","logger":"airflow.task.operators.airflow.providers.databricks.operators.databricks.DatabricksRunNowOperator","filename":"databricks.py","lineno":148}
{"timestamp":"2026-06-04T21:14:17.328006Z","level":"info","event":"View run status, Spark UI, and logs at https://dbc-1c30cec6-32db.cloud.databricks.com/?o=2172704154895513#job/1095575216919616/run/33246295956824","logger":"airflow.task.operators.airflow.providers.databricks.operators.databricks.DatabricksRunNowOperator","filename":"databricks.py","lineno":149}
{"timestamp":"2026-06-04T21:14:17.328166Z","level":"info","event":"Sleeping for 30 seconds.","logger":"airflow.task.operators.airflow.providers.databricks.operators.databricks.DatabricksRunNowOperator","filename":"databricks.py","lineno":150}
{"timestamp":"2026-06-04T21:14:47.325603Z","level":"info","event":"Using basic auth.","logger":"airflow.task.hooks.airflow.providers.databricks.hooks.databricks.DatabricksHook","filename":"databricks_base.py","lineno":1111}
{"timestamp":"2026-06-04T21:14:47.685943Z","level":"info","event":"gold_later_order_detail_jobjob in run state: {'life_cycle_state': 'RUNNING', 'result_state': '', 'state_message': ''}","logger":"airflow.task.operators.airflow.providers.databricks.operators.databricks.DatabricksRunNowOperator","filename":"databricks.py","lineno":148}
{"timestamp":"2026-06-04T21:14:47.686281Z","level":"info","event":"View run status, Spark UI, and logs at https://dbc-1c30cec6-32db.cloud.databricks.com/?o=2172704154895513#job/1095575216919616/run/33246295956824","logger":"airflow.task.operators.airflow.providers.databricks.operators.databricks.DatabricksRunNowOperator","filename":"databricks.py","lineno":149}
{"timestamp":"2026-06-04T21:14:47.686425Z","level":"info","event":"Sleeping for 30 seconds.","logger":"airflow.task.operators.airflow.providers.databricks.operators.databricks.DatabricksRunNowOperator","filename":"databricks.py","lineno":150}
{"timestamp":"2026-06-04T21:15:17.683664Z","level":"info","event":"Using basic auth.","logger":"airflow.task.hooks.airflow.providers.databricks.hooks.databricks.DatabricksHook","filename":"databricks_base.py","lineno":1111}
{"timestamp":"2026-06-04T21:15:18.062117Z","level":"info","event":"gold_later_order_detail_jobjob in run state: {'life_cycle_state': 'RUNNING', 'result_state': '', 'state_message': ''}","logger":"airflow.task.operators.airflow.providers.databricks.operators.databricks.DatabricksRunNowOperator","filename":"databricks.py","lineno":148}
{"timestamp":"2026-06-04T21:15:18.062444Z","level":"info","event":"View run status, Spark UI, and logs at https://dbc-1c30cec6-32db.cloud.databricks.com/?o=2172704154895513#job/1095575216919616/run/33246295956824","logger":"airflow.task.operators.airflow.providers.databricks.operators.databricks.DatabricksRunNowOperator","filename":"databricks.py","lineno":149}
{"timestamp":"2026-06-04T21:15:18.062537Z","level":"info","event":"Sleeping for 30 seconds.","logger":"airflow.task.operators.airflow.providers.databricks.operators.databricks.DatabricksRunNowOperator","filename":"databricks.py","lineno":150}
{"timestamp":"2026-06-04T21:15:48.059778Z","level":"info","event":"Using basic auth.","logger":"airflow.task.hooks.airflow.providers.databricks.hooks.databricks.DatabricksHook","filename":"databricks_base.py","lineno":1111}
{"timestamp":"2026-06-04T21:15:48.490254Z","level":"info","event":"gold_later_order_detail_jobjob in run state: {'life_cycle_state': 'RUNNING', 'result_state': '', 'state_message': ''}","logger":"airflow.task.operators.airflow.providers.databricks.operators.databricks.DatabricksRunNowOperator","filename":"databricks.py","lineno":148}
{"timestamp":"2026-06-04T21:15:48.490536Z","level":"info","event":"View run status, Spark UI, and logs at https://dbc-1c30cec6-32db.cloud.databricks.com/?o=2172704154895513#job/1095575216919616/run/33246295956824","logger":"airflow.task.operators.airflow.providers.databricks.operators.databricks.DatabricksRunNowOperator","filename":"databricks.py","lineno":149}
{"timestamp":"2026-06-04T21:15:48.490695Z","level":"info","event":"Sleeping for 30 seconds.","logger":"airflow.task.operators.airflow.providers.databricks.operators.databricks.DatabricksRunNowOperator","filename":"databricks.py","lineno":150}
{"timestamp":"2026-06-04T21:16:18.488707Z","level":"info","event":"Using basic auth.","logger":"airflow.task.hooks.airflow.providers.databricks.hooks.databricks.DatabricksHook","filename":"databricks_base.py","lineno":1111}
{"timestamp":"2026-06-04T21:16:18.888102Z","level":"info","event":"gold_later_order_detail_jobjob in run state: {'life_cycle_state': 'RUNNING', 'result_state': '', 'state_message': ''}","logger":"airflow.task.operators.airflow.providers.databricks.operators.databricks.DatabricksRunNowOperator","filename":"databricks.py","lineno":148}
{"timestamp":"2026-06-04T21:16:18.888560Z","level":"info","event":"View run status, Spark UI, and logs at https://dbc-1c30cec6-32db.cloud.databricks.com/?o=2172704154895513#job/1095575216919616/run/33246295956824","logger":"airflow.task.operators.airflow.providers.databricks.operators.databricks.DatabricksRunNowOperator","filename":"databricks.py","lineno":149}
{"timestamp":"2026-06-04T21:16:18.888784Z","level":"info","event":"Sleeping for 30 seconds.","logger":"airflow.task.operators.airflow.providers.databricks.operators.databricks.DatabricksRunNowOperator","filename":"databricks.py","lineno":150}
{"timestamp":"2026-06-04T21:16:48.885756Z","level":"info","event":"Using basic auth.","logger":"airflow.task.hooks.airflow.providers.databricks.hooks.databricks.DatabricksHook","filename":"databricks_base.py","lineno":1111}
{"timestamp":"2026-06-04T21:16:49.257854Z","level":"info","event":"gold_later_order_detail_jobjob in run state: {'life_cycle_state': 'RUNNING', 'result_state': '', 'state_message': ''}","logger":"airflow.task.operators.airflow.providers.databricks.operators.databricks.DatabricksRunNowOperator","filename":"databricks.py","lineno":148}
{"timestamp":"2026-06-04T21:16:49.258141Z","level":"info","event":"View run status, Spark UI, and logs at https://dbc-1c30cec6-32db.cloud.databricks.com/?o=2172704154895513#job/1095575216919616/run/33246295956824","logger":"airflow.task.operators.airflow.providers.databricks.operators.databricks.DatabricksRunNowOperator","filename":"databricks.py","lineno":149}
{"timestamp":"2026-06-04T21:16:49.258221Z","level":"info","event":"Sleeping for 30 seconds.","logger":"airflow.task.operators.airflow.providers.databricks.operators.databricks.DatabricksRunNowOperator","filename":"databricks.py","lineno":150}
{"timestamp":"2026-06-04T21:17:19.256653Z","level":"info","event":"Using basic auth.","logger":"airflow.task.hooks.airflow.providers.databricks.hooks.databricks.DatabricksHook","filename":"databricks_base.py","lineno":1111}
{"timestamp":"2026-06-04T21:17:19.622642Z","level":"info","event":"gold_later_order_detail_jobjob in run state: {'life_cycle_state': 'RUNNING', 'result_state': '', 'state_message': ''}","logger":"airflow.task.operators.airflow.providers.databricks.operators.databricks.DatabricksRunNowOperator","filename":"databricks.py","lineno":148}
{"timestamp":"2026-06-04T21:17:19.623019Z","level":"info","event":"View run status, Spark UI, and logs at https://dbc-1c30cec6-32db.cloud.databricks.com/?o=2172704154895513#job/1095575216919616/run/33246295956824","logger":"airflow.task.operators.airflow.providers.databricks.operators.databricks.DatabricksRunNowOperator","filename":"databricks.py","lineno":149}
{"timestamp":"2026-06-04T21:17:19.623217Z","level":"info","event":"Sleeping for 30 seconds.","logger":"airflow.task.operators.airflow.providers.databricks.operators.databricks.DatabricksRunNowOperator","filename":"databricks.py","lineno":150}
{"timestamp":"2026-06-04T21:17:49.620375Z","level":"info","event":"Using basic auth.","logger":"airflow.task.hooks.airflow.providers.databricks.hooks.databricks.DatabricksHook","filename":"databricks_base.py","lineno":1111}
{"timestamp":"2026-06-04T21:17:50.005413Z","level":"info","event":"gold_later_order_detail_jobjob in run state: {'life_cycle_state': 'RUNNING', 'result_state': '', 'state_message': ''}","logger":"airflow.task.operators.airflow.providers.databricks.operators.databricks.DatabricksRunNowOperator","filename":"databricks.py","lineno":148}
{"timestamp":"2026-06-04T21:17:50.005630Z","level":"info","event":"View run status, Spark UI, and logs at https://dbc-1c30cec6-32db.cloud.databricks.com/?o=2172704154895513#job/1095575216919616/run/33246295956824","logger":"airflow.task.operators.airflow.providers.databricks.operators.databricks.DatabricksRunNowOperator","filename":"databricks.py","lineno":149}
{"timestamp":"2026-06-04T21:17:50.005829Z","level":"info","event":"Sleeping for 30 seconds.","logger":"airflow.task.operators.airflow.providers.databricks.operators.databricks.DatabricksRunNowOperator","filename":"databricks.py","lineno":150}
{"timestamp":"2026-06-04T21:18:20.008219Z","level":"info","event":"Using basic auth.","logger":"airflow.task.hooks.airflow.providers.databricks.hooks.databricks.DatabricksHook","filename":"databricks_base.py","lineno":1111}
{"timestamp":"2026-06-04T21:18:20.417641Z","level":"info","event":"gold_later_order_detail_jobjob in run state: {'life_cycle_state': 'RUNNING', 'result_state': '', 'state_message': ''}","logger":"airflow.task.operators.airflow.providers.databricks.operators.databricks.DatabricksRunNowOperator","filename":"databricks.py","lineno":148}
{"timestamp":"2026-06-04T21:18:20.418007Z","level":"info","event":"View run status, Spark UI, and logs at https://dbc-1c30cec6-32db.cloud.databricks.com/?o=2172704154895513#job/1095575216919616/run/33246295956824","logger":"airflow.task.operators.airflow.providers.databricks.operators.databricks.DatabricksRunNowOperator","filename":"databricks.py","lineno":149}
{"timestamp":"2026-06-04T21:18:20.418144Z","level":"info","event":"Sleeping for 30 seconds.","logger":"airflow.task.operators.airflow.providers.databricks.operators.databricks.DatabricksRunNowOperator","filename":"databricks.py","lineno":150}
{"timestamp":"2026-06-04T21:18:50.413940Z","level":"info","event":"Using basic auth.","logger":"airflow.task.hooks.airflow.providers.databricks.hooks.databricks.DatabricksHook","filename":"databricks_base.py","lineno":1111}
{"timestamp":"2026-06-04T21:18:50.797513Z","level":"info","event":"gold_later_order_detail_jobjob in run state: {'life_cycle_state': 'RUNNING', 'result_state': '', 'state_message': ''}","logger":"airflow.task.operators.airflow.providers.databricks.operators.databricks.DatabricksRunNowOperator","filename":"databricks.py","lineno":148}
{"timestamp":"2026-06-04T21:18:50.797898Z","level":"info","event":"View run status, Spark UI, and logs at https://dbc-1c30cec6-32db.cloud.databricks.com/?o=2172704154895513#job/1095575216919616/run/33246295956824","logger":"airflow.task.operators.airflow.providers.databricks.operators.databricks.DatabricksRunNowOperator","filename":"databricks.py","lineno":149}
{"timestamp":"2026-06-04T21:18:50.797998Z","level":"info","event":"Sleeping for 30 seconds.","logger":"airflow.task.operators.airflow.providers.databricks.operators.databricks.DatabricksRunNowOperator","filename":"databricks.py","lineno":150}
{"timestamp":"2026-06-04T21:19:20.796135Z","level":"info","event":"Using basic auth.","logger":"airflow.task.hooks.airflow.providers.databricks.hooks.databricks.DatabricksHook","filename":"databricks_base.py","lineno":1111}
{"timestamp":"2026-06-04T21:19:21.132038Z","level":"info","event":"gold_later_order_detail_jobjob in run state: {'life_cycle_state': 'RUNNING', 'result_state': '', 'state_message': ''}","logger":"airflow.task.operators.airflow.providers.databricks.operators.databricks.DatabricksRunNowOperator","filename":"databricks.py","lineno":148}
{"timestamp":"2026-06-04T21:19:21.132369Z","level":"info","event":"View run status, Spark UI, and logs at https://dbc-1c30cec6-32db.cloud.databricks.com/?o=2172704154895513#job/1095575216919616/run/33246295956824","logger":"airflow.task.operators.airflow.providers.databricks.operators.databricks.DatabricksRunNowOperator","filename":"databricks.py","lineno":149}
{"timestamp":"2026-06-04T21:19:21.132544Z","level":"info","event":"Sleeping for 30 seconds.","logger":"airflow.task.operators.airflow.providers.databricks.operators.databricks.DatabricksRunNowOperator","filename":"databricks.py","lineno":150}
{"timestamp":"2026-06-04T21:19:51.128679Z","level":"info","event":"Using basic auth.","logger":"airflow.task.hooks.airflow.providers.databricks.hooks.databricks.DatabricksHook","filename":"databricks_base.py","lineno":1111}
{"timestamp":"2026-06-04T21:19:51.543473Z","level":"info","event":"gold_later_order_detail_jobjob completed successfully.","logger":"airflow.task.operators.airflow.providers.databricks.operators.databricks.DatabricksRunNowOperator","filename":"databricks.py","lineno":105}
{"timestamp":"2026-06-04T21:19:51.544034Z","level":"info","event":"View run status, Spark UI, and logs at https://dbc-1c30cec6-32db.cloud.databricks.com/?o=2172704154895513#job/1095575216919616/run/33246295956824","logger":"airflow.task.operators.airflow.providers.databricks.operators.databricks.DatabricksRunNowOperator","filename":"databricks.py","lineno":106}
