{"timestamp":"2026-06-04T21:06:35.890945Z","level":"info","event":"DAG bundles loaded: dags-folder","logger":"airflow.dag_processing.bundles.manager.DagBundlesManager","filename":"manager.py","lineno":209}
{"timestamp":"2026-06-04T21:06:35.894972Z","level":"info","event":"Filling up the DagBag from /opt/airflow/dags/dag_1.py","logger":"airflow.dag_processing.dagbag.BundleDagBag","filename":"dagbag.py","lineno":469}
{"timestamp":"2026-06-04T21:06:35.934168Z","level":"info","event":"/opt/airflow","logger":"task.stdout"}
{"timestamp":"2026-06-04T21:06:36.009711Z","level":"warning","event":"ProvidersManager.hooks is deprecated. Use ProvidersManagerTaskRuntime.hooks from task-sdk instead.","category":"DeprecatedImportWarning","filename":"/home/airflow/.local/lib/python3.13/site-packages/airflow/providers/databricks/hooks/databricks_base.py","lineno":177,"logger":"py.warnings"}
{"timestamp":"2026-06-04T21:06:36.011669Z","level":"info","event":"Using basic auth.","logger":"airflow.task.hooks.airflow.providers.databricks.hooks.databricks.DatabricksHook","filename":"databricks_base.py","lineno":1111}
{"timestamp":"2026-06-04T21:06:36.734754Z","level":"info","event":"Run submitted with run_id: 328933777457743","logger":"airflow.task.operators.airflow.providers.databricks.operators.databricks.DatabricksRunNowOperator","filename":"databricks.py","lineno":94}
{"timestamp":"2026-06-04T21:06:36.735070Z","level":"info","event":"Using basic auth.","logger":"airflow.task.hooks.airflow.providers.databricks.hooks.databricks.DatabricksHook","filename":"databricks_base.py","lineno":1111}
{"timestamp":"2026-06-04T21:06:37.148063Z","level":"info","event":"Using basic auth.","logger":"airflow.task.hooks.airflow.providers.databricks.hooks.databricks.DatabricksHook","filename":"databricks_base.py","lineno":1111}
{"timestamp":"2026-06-04T21:06:37.525711Z","level":"info","event":"transformation_job in run state: {'life_cycle_state': 'RUNNING', 'result_state': '', 'state_message': ''}","logger":"airflow.task.operators.airflow.providers.databricks.operators.databricks.DatabricksRunNowOperator","filename":"databricks.py","lineno":148}
{"timestamp":"2026-06-04T21:06:37.526012Z","level":"info","event":"View run status, Spark UI, and logs at https://dbc-1c30cec6-32db.cloud.databricks.com/?o=2172704154895513#job/417931534570679/run/328933777457743","logger":"airflow.task.operators.airflow.providers.databricks.operators.databricks.DatabricksRunNowOperator","filename":"databricks.py","lineno":149}
{"timestamp":"2026-06-04T21:06:37.526101Z","level":"info","event":"Sleeping for 30 seconds.","logger":"airflow.task.operators.airflow.providers.databricks.operators.databricks.DatabricksRunNowOperator","filename":"databricks.py","lineno":150}
{"timestamp":"2026-06-04T21:07:07.524047Z","level":"info","event":"Using basic auth.","logger":"airflow.task.hooks.airflow.providers.databricks.hooks.databricks.DatabricksHook","filename":"databricks_base.py","lineno":1111}
{"timestamp":"2026-06-04T21:07:07.983823Z","level":"info","event":"transformation_job in run state: {'life_cycle_state': 'RUNNING', 'result_state': '', 'state_message': ''}","logger":"airflow.task.operators.airflow.providers.databricks.operators.databricks.DatabricksRunNowOperator","filename":"databricks.py","lineno":148}
{"timestamp":"2026-06-04T21:07:07.984214Z","level":"info","event":"View run status, Spark UI, and logs at https://dbc-1c30cec6-32db.cloud.databricks.com/?o=2172704154895513#job/417931534570679/run/328933777457743","logger":"airflow.task.operators.airflow.providers.databricks.operators.databricks.DatabricksRunNowOperator","filename":"databricks.py","lineno":149}
{"timestamp":"2026-06-04T21:07:07.984426Z","level":"info","event":"Sleeping for 30 seconds.","logger":"airflow.task.operators.airflow.providers.databricks.operators.databricks.DatabricksRunNowOperator","filename":"databricks.py","lineno":150}
{"timestamp":"2026-06-04T21:07:37.981178Z","level":"info","event":"Using basic auth.","logger":"airflow.task.hooks.airflow.providers.databricks.hooks.databricks.DatabricksHook","filename":"databricks_base.py","lineno":1111}
{"timestamp":"2026-06-04T21:07:38.483721Z","level":"info","event":"transformation_job in run state: {'life_cycle_state': 'RUNNING', 'result_state': '', 'state_message': ''}","logger":"airflow.task.operators.airflow.providers.databricks.operators.databricks.DatabricksRunNowOperator","filename":"databricks.py","lineno":148}
{"timestamp":"2026-06-04T21:07:38.484019Z","level":"info","event":"View run status, Spark UI, and logs at https://dbc-1c30cec6-32db.cloud.databricks.com/?o=2172704154895513#job/417931534570679/run/328933777457743","logger":"airflow.task.operators.airflow.providers.databricks.operators.databricks.DatabricksRunNowOperator","filename":"databricks.py","lineno":149}
{"timestamp":"2026-06-04T21:07:38.484139Z","level":"info","event":"Sleeping for 30 seconds.","logger":"airflow.task.operators.airflow.providers.databricks.operators.databricks.DatabricksRunNowOperator","filename":"databricks.py","lineno":150}
{"timestamp":"2026-06-04T21:08:08.481986Z","level":"info","event":"Using basic auth.","logger":"airflow.task.hooks.airflow.providers.databricks.hooks.databricks.DatabricksHook","filename":"databricks_base.py","lineno":1111}
{"timestamp":"2026-06-04T21:08:08.832675Z","level":"info","event":"transformation_job in run state: {'life_cycle_state': 'RUNNING', 'result_state': '', 'state_message': ''}","logger":"airflow.task.operators.airflow.providers.databricks.operators.databricks.DatabricksRunNowOperator","filename":"databricks.py","lineno":148}
{"timestamp":"2026-06-04T21:08:08.832908Z","level":"info","event":"View run status, Spark UI, and logs at https://dbc-1c30cec6-32db.cloud.databricks.com/?o=2172704154895513#job/417931534570679/run/328933777457743","logger":"airflow.task.operators.airflow.providers.databricks.operators.databricks.DatabricksRunNowOperator","filename":"databricks.py","lineno":149}
{"timestamp":"2026-06-04T21:08:08.833009Z","level":"info","event":"Sleeping for 30 seconds.","logger":"airflow.task.operators.airflow.providers.databricks.operators.databricks.DatabricksRunNowOperator","filename":"databricks.py","lineno":150}
{"timestamp":"2026-06-04T21:08:38.829786Z","level":"info","event":"Using basic auth.","logger":"airflow.task.hooks.airflow.providers.databricks.hooks.databricks.DatabricksHook","filename":"databricks_base.py","lineno":1111}
{"timestamp":"2026-06-04T21:08:39.297762Z","level":"info","event":"transformation_job in run state: {'life_cycle_state': 'RUNNING', 'result_state': '', 'state_message': ''}","logger":"airflow.task.operators.airflow.providers.databricks.operators.databricks.DatabricksRunNowOperator","filename":"databricks.py","lineno":148}
{"timestamp":"2026-06-04T21:08:39.298182Z","level":"info","event":"View run status, Spark UI, and logs at https://dbc-1c30cec6-32db.cloud.databricks.com/?o=2172704154895513#job/417931534570679/run/328933777457743","logger":"airflow.task.operators.airflow.providers.databricks.operators.databricks.DatabricksRunNowOperator","filename":"databricks.py","lineno":149}
{"timestamp":"2026-06-04T21:08:39.298374Z","level":"info","event":"Sleeping for 30 seconds.","logger":"airflow.task.operators.airflow.providers.databricks.operators.databricks.DatabricksRunNowOperator","filename":"databricks.py","lineno":150}
{"timestamp":"2026-06-04T21:09:09.295955Z","level":"info","event":"Using basic auth.","logger":"airflow.task.hooks.airflow.providers.databricks.hooks.databricks.DatabricksHook","filename":"databricks_base.py","lineno":1111}
{"timestamp":"2026-06-04T21:09:09.837672Z","level":"info","event":"transformation_job in run state: {'life_cycle_state': 'RUNNING', 'result_state': '', 'state_message': ''}","logger":"airflow.task.operators.airflow.providers.databricks.operators.databricks.DatabricksRunNowOperator","filename":"databricks.py","lineno":148}
{"timestamp":"2026-06-04T21:09:09.838046Z","level":"info","event":"View run status, Spark UI, and logs at https://dbc-1c30cec6-32db.cloud.databricks.com/?o=2172704154895513#job/417931534570679/run/328933777457743","logger":"airflow.task.operators.airflow.providers.databricks.operators.databricks.DatabricksRunNowOperator","filename":"databricks.py","lineno":149}
{"timestamp":"2026-06-04T21:09:09.838212Z","level":"info","event":"Sleeping for 30 seconds.","logger":"airflow.task.operators.airflow.providers.databricks.operators.databricks.DatabricksRunNowOperator","filename":"databricks.py","lineno":150}
{"timestamp":"2026-06-04T21:09:39.835431Z","level":"info","event":"Using basic auth.","logger":"airflow.task.hooks.airflow.providers.databricks.hooks.databricks.DatabricksHook","filename":"databricks_base.py","lineno":1111}
{"timestamp":"2026-06-04T21:09:40.223611Z","level":"info","event":"transformation_job in run state: {'life_cycle_state': 'RUNNING', 'result_state': '', 'state_message': ''}","logger":"airflow.task.operators.airflow.providers.databricks.operators.databricks.DatabricksRunNowOperator","filename":"databricks.py","lineno":148}
{"timestamp":"2026-06-04T21:09:40.224022Z","level":"info","event":"View run status, Spark UI, and logs at https://dbc-1c30cec6-32db.cloud.databricks.com/?o=2172704154895513#job/417931534570679/run/328933777457743","logger":"airflow.task.operators.airflow.providers.databricks.operators.databricks.DatabricksRunNowOperator","filename":"databricks.py","lineno":149}
{"timestamp":"2026-06-04T21:09:40.224238Z","level":"info","event":"Sleeping for 30 seconds.","logger":"airflow.task.operators.airflow.providers.databricks.operators.databricks.DatabricksRunNowOperator","filename":"databricks.py","lineno":150}
{"timestamp":"2026-06-04T21:10:10.221757Z","level":"info","event":"Using basic auth.","logger":"airflow.task.hooks.airflow.providers.databricks.hooks.databricks.DatabricksHook","filename":"databricks_base.py","lineno":1111}
{"timestamp":"2026-06-04T21:10:10.674332Z","level":"info","event":"transformation_job in run state: {'life_cycle_state': 'RUNNING', 'result_state': '', 'state_message': ''}","logger":"airflow.task.operators.airflow.providers.databricks.operators.databricks.DatabricksRunNowOperator","filename":"databricks.py","lineno":148}
{"timestamp":"2026-06-04T21:10:10.674723Z","level":"info","event":"View run status, Spark UI, and logs at https://dbc-1c30cec6-32db.cloud.databricks.com/?o=2172704154895513#job/417931534570679/run/328933777457743","logger":"airflow.task.operators.airflow.providers.databricks.operators.databricks.DatabricksRunNowOperator","filename":"databricks.py","lineno":149}
{"timestamp":"2026-06-04T21:10:10.674880Z","level":"info","event":"Sleeping for 30 seconds.","logger":"airflow.task.operators.airflow.providers.databricks.operators.databricks.DatabricksRunNowOperator","filename":"databricks.py","lineno":150}
{"timestamp":"2026-06-04T21:10:40.673697Z","level":"info","event":"Using basic auth.","logger":"airflow.task.hooks.airflow.providers.databricks.hooks.databricks.DatabricksHook","filename":"databricks_base.py","lineno":1111}
{"timestamp":"2026-06-04T21:10:41.141226Z","level":"info","event":"transformation_job in run state: {'life_cycle_state': 'RUNNING', 'result_state': '', 'state_message': ''}","logger":"airflow.task.operators.airflow.providers.databricks.operators.databricks.DatabricksRunNowOperator","filename":"databricks.py","lineno":148}
{"timestamp":"2026-06-04T21:10:41.141624Z","level":"info","event":"View run status, Spark UI, and logs at https://dbc-1c30cec6-32db.cloud.databricks.com/?o=2172704154895513#job/417931534570679/run/328933777457743","logger":"airflow.task.operators.airflow.providers.databricks.operators.databricks.DatabricksRunNowOperator","filename":"databricks.py","lineno":149}
{"timestamp":"2026-06-04T21:10:41.141825Z","level":"info","event":"Sleeping for 30 seconds.","logger":"airflow.task.operators.airflow.providers.databricks.operators.databricks.DatabricksRunNowOperator","filename":"databricks.py","lineno":150}
{"timestamp":"2026-06-04T21:11:11.138515Z","level":"info","event":"Using basic auth.","logger":"airflow.task.hooks.airflow.providers.databricks.hooks.databricks.DatabricksHook","filename":"databricks_base.py","lineno":1111}
{"timestamp":"2026-06-04T21:11:11.540837Z","level":"info","event":"transformation_job in run state: {'life_cycle_state': 'RUNNING', 'result_state': '', 'state_message': ''}","logger":"airflow.task.operators.airflow.providers.databricks.operators.databricks.DatabricksRunNowOperator","filename":"databricks.py","lineno":148}
{"timestamp":"2026-06-04T21:11:11.541170Z","level":"info","event":"View run status, Spark UI, and logs at https://dbc-1c30cec6-32db.cloud.databricks.com/?o=2172704154895513#job/417931534570679/run/328933777457743","logger":"airflow.task.operators.airflow.providers.databricks.operators.databricks.DatabricksRunNowOperator","filename":"databricks.py","lineno":149}
{"timestamp":"2026-06-04T21:11:11.541306Z","level":"info","event":"Sleeping for 30 seconds.","logger":"airflow.task.operators.airflow.providers.databricks.operators.databricks.DatabricksRunNowOperator","filename":"databricks.py","lineno":150}
{"timestamp":"2026-06-04T21:11:41.538942Z","level":"info","event":"Using basic auth.","logger":"airflow.task.hooks.airflow.providers.databricks.hooks.databricks.DatabricksHook","filename":"databricks_base.py","lineno":1111}
{"timestamp":"2026-06-04T21:11:41.961253Z","level":"info","event":"transformation_job in run state: {'life_cycle_state': 'RUNNING', 'result_state': '', 'state_message': ''}","logger":"airflow.task.operators.airflow.providers.databricks.operators.databricks.DatabricksRunNowOperator","filename":"databricks.py","lineno":148}
{"timestamp":"2026-06-04T21:11:41.961498Z","level":"info","event":"View run status, Spark UI, and logs at https://dbc-1c30cec6-32db.cloud.databricks.com/?o=2172704154895513#job/417931534570679/run/328933777457743","logger":"airflow.task.operators.airflow.providers.databricks.operators.databricks.DatabricksRunNowOperator","filename":"databricks.py","lineno":149}
{"timestamp":"2026-06-04T21:11:41.961630Z","level":"info","event":"Sleeping for 30 seconds.","logger":"airflow.task.operators.airflow.providers.databricks.operators.databricks.DatabricksRunNowOperator","filename":"databricks.py","lineno":150}
{"timestamp":"2026-06-04T21:12:11.959188Z","level":"info","event":"Using basic auth.","logger":"airflow.task.hooks.airflow.providers.databricks.hooks.databricks.DatabricksHook","filename":"databricks_base.py","lineno":1111}
{"timestamp":"2026-06-04T21:12:12.495183Z","level":"info","event":"transformation_job in run state: {'life_cycle_state': 'RUNNING', 'result_state': '', 'state_message': ''}","logger":"airflow.task.operators.airflow.providers.databricks.operators.databricks.DatabricksRunNowOperator","filename":"databricks.py","lineno":148}
{"timestamp":"2026-06-04T21:12:12.495505Z","level":"info","event":"View run status, Spark UI, and logs at https://dbc-1c30cec6-32db.cloud.databricks.com/?o=2172704154895513#job/417931534570679/run/328933777457743","logger":"airflow.task.operators.airflow.providers.databricks.operators.databricks.DatabricksRunNowOperator","filename":"databricks.py","lineno":149}
{"timestamp":"2026-06-04T21:12:12.495669Z","level":"info","event":"Sleeping for 30 seconds.","logger":"airflow.task.operators.airflow.providers.databricks.operators.databricks.DatabricksRunNowOperator","filename":"databricks.py","lineno":150}
{"timestamp":"2026-06-04T21:12:42.492748Z","level":"info","event":"Using basic auth.","logger":"airflow.task.hooks.airflow.providers.databricks.hooks.databricks.DatabricksHook","filename":"databricks_base.py","lineno":1111}
{"timestamp":"2026-06-04T21:12:42.871923Z","level":"info","event":"transformation_job in run state: {'life_cycle_state': 'RUNNING', 'result_state': '', 'state_message': ''}","logger":"airflow.task.operators.airflow.providers.databricks.operators.databricks.DatabricksRunNowOperator","filename":"databricks.py","lineno":148}
{"timestamp":"2026-06-04T21:12:42.872156Z","level":"info","event":"View run status, Spark UI, and logs at https://dbc-1c30cec6-32db.cloud.databricks.com/?o=2172704154895513#job/417931534570679/run/328933777457743","logger":"airflow.task.operators.airflow.providers.databricks.operators.databricks.DatabricksRunNowOperator","filename":"databricks.py","lineno":149}
{"timestamp":"2026-06-04T21:12:42.872254Z","level":"info","event":"Sleeping for 30 seconds.","logger":"airflow.task.operators.airflow.providers.databricks.operators.databricks.DatabricksRunNowOperator","filename":"databricks.py","lineno":150}
{"timestamp":"2026-06-04T21:13:12.869187Z","level":"info","event":"Using basic auth.","logger":"airflow.task.hooks.airflow.providers.databricks.hooks.databricks.DatabricksHook","filename":"databricks_base.py","lineno":1111}
{"timestamp":"2026-06-04T21:13:13.327807Z","level":"info","event":"transformation_job in run state: {'life_cycle_state': 'RUNNING', 'result_state': '', 'state_message': ''}","logger":"airflow.task.operators.airflow.providers.databricks.operators.databricks.DatabricksRunNowOperator","filename":"databricks.py","lineno":148}
{"timestamp":"2026-06-04T21:13:13.328141Z","level":"info","event":"View run status, Spark UI, and logs at https://dbc-1c30cec6-32db.cloud.databricks.com/?o=2172704154895513#job/417931534570679/run/328933777457743","logger":"airflow.task.operators.airflow.providers.databricks.operators.databricks.DatabricksRunNowOperator","filename":"databricks.py","lineno":149}
{"timestamp":"2026-06-04T21:13:13.328236Z","level":"info","event":"Sleeping for 30 seconds.","logger":"airflow.task.operators.airflow.providers.databricks.operators.databricks.DatabricksRunNowOperator","filename":"databricks.py","lineno":150}
{"timestamp":"2026-06-04T21:13:43.326155Z","level":"info","event":"Using basic auth.","logger":"airflow.task.hooks.airflow.providers.databricks.hooks.databricks.DatabricksHook","filename":"databricks_base.py","lineno":1111}
{"timestamp":"2026-06-04T21:13:43.702340Z","level":"info","event":"transformation_job in run state: {'life_cycle_state': 'RUNNING', 'result_state': '', 'state_message': ''}","logger":"airflow.task.operators.airflow.providers.databricks.operators.databricks.DatabricksRunNowOperator","filename":"databricks.py","lineno":148}
{"timestamp":"2026-06-04T21:13:43.702678Z","level":"info","event":"View run status, Spark UI, and logs at https://dbc-1c30cec6-32db.cloud.databricks.com/?o=2172704154895513#job/417931534570679/run/328933777457743","logger":"airflow.task.operators.airflow.providers.databricks.operators.databricks.DatabricksRunNowOperator","filename":"databricks.py","lineno":149}
{"timestamp":"2026-06-04T21:13:43.702847Z","level":"info","event":"Sleeping for 30 seconds.","logger":"airflow.task.operators.airflow.providers.databricks.operators.databricks.DatabricksRunNowOperator","filename":"databricks.py","lineno":150}
{"timestamp":"2026-06-04T21:14:13.700312Z","level":"info","event":"Using basic auth.","logger":"airflow.task.hooks.airflow.providers.databricks.hooks.databricks.DatabricksHook","filename":"databricks_base.py","lineno":1111}
{"timestamp":"2026-06-04T21:14:14.123658Z","level":"info","event":"transformation_job completed successfully.","logger":"airflow.task.operators.airflow.providers.databricks.operators.databricks.DatabricksRunNowOperator","filename":"databricks.py","lineno":105}
{"timestamp":"2026-06-04T21:14:14.124154Z","level":"info","event":"View run status, Spark UI, and logs at https://dbc-1c30cec6-32db.cloud.databricks.com/?o=2172704154895513#job/417931534570679/run/328933777457743","logger":"airflow.task.operators.airflow.providers.databricks.operators.databricks.DatabricksRunNowOperator","filename":"databricks.py","lineno":106}
