{"timestamp":"2026-06-04T19:43:41.015858Z","level":"info","event":"DAG bundles loaded: dags-folder","logger":"airflow.dag_processing.bundles.manager.DagBundlesManager","filename":"manager.py","lineno":209}
{"timestamp":"2026-06-04T19:43:41.035800Z","level":"info","event":"Filling up the DagBag from /opt/airflow/dags/dag_1.py","logger":"airflow.dag_processing.dagbag.BundleDagBag","filename":"dagbag.py","lineno":469}
{"timestamp":"2026-06-04T19:43:41.211614Z","level":"info","event":"/opt/airflow","logger":"task.stdout"}
{"timestamp":"2026-06-04T19:43:41.534412Z","level":"warning","event":"ProvidersManager.hooks is deprecated. Use ProvidersManagerTaskRuntime.hooks from task-sdk instead.","category":"DeprecatedImportWarning","filename":"/home/airflow/.local/lib/python3.13/site-packages/airflow/providers/databricks/hooks/databricks_base.py","lineno":177,"logger":"py.warnings"}
{"timestamp":"2026-06-04T19:43:41.550318Z","level":"info","event":"Using basic auth.","logger":"airflow.task.hooks.airflow.providers.databricks.hooks.databricks.DatabricksHook","filename":"databricks_base.py","lineno":1111}
{"timestamp":"2026-06-04T19:43:42.742426Z","level":"info","event":"Run submitted with run_id: 356384769962984","logger":"airflow.task.operators.airflow.providers.databricks.operators.databricks.DatabricksRunNowOperator","filename":"databricks.py","lineno":94}
{"timestamp":"2026-06-04T19:43:42.742670Z","level":"info","event":"Using basic auth.","logger":"airflow.task.hooks.airflow.providers.databricks.hooks.databricks.DatabricksHook","filename":"databricks_base.py","lineno":1111}
{"timestamp":"2026-06-04T19:43:43.114114Z","level":"info","event":"Using basic auth.","logger":"airflow.task.hooks.airflow.providers.databricks.hooks.databricks.DatabricksHook","filename":"databricks_base.py","lineno":1111}
{"timestamp":"2026-06-04T19:43:43.472797Z","level":"info","event":"ingestion_job in run state: {'life_cycle_state': 'QUEUED', 'result_state': '', 'state_message': ''}","logger":"airflow.task.operators.airflow.providers.databricks.operators.databricks.DatabricksRunNowOperator","filename":"databricks.py","lineno":148}
{"timestamp":"2026-06-04T19:43:43.473085Z","level":"info","event":"View run status, Spark UI, and logs at https://dbc-1c30cec6-32db.cloud.databricks.com/?o=2172704154895513#job/1006954515064088/run/356384769962984","logger":"airflow.task.operators.airflow.providers.databricks.operators.databricks.DatabricksRunNowOperator","filename":"databricks.py","lineno":149}
{"timestamp":"2026-06-04T19:43:43.473227Z","level":"info","event":"Sleeping for 30 seconds.","logger":"airflow.task.operators.airflow.providers.databricks.operators.databricks.DatabricksRunNowOperator","filename":"databricks.py","lineno":150}
{"timestamp":"2026-06-04T19:44:13.470895Z","level":"info","event":"Using basic auth.","logger":"airflow.task.hooks.airflow.providers.databricks.hooks.databricks.DatabricksHook","filename":"databricks_base.py","lineno":1111}
{"timestamp":"2026-06-04T19:44:13.820856Z","level":"info","event":"ingestion_job in run state: {'life_cycle_state': 'QUEUED', 'result_state': '', 'state_message': ''}","logger":"airflow.task.operators.airflow.providers.databricks.operators.databricks.DatabricksRunNowOperator","filename":"databricks.py","lineno":148}
{"timestamp":"2026-06-04T19:44:13.821273Z","level":"info","event":"View run status, Spark UI, and logs at https://dbc-1c30cec6-32db.cloud.databricks.com/?o=2172704154895513#job/1006954515064088/run/356384769962984","logger":"airflow.task.operators.airflow.providers.databricks.operators.databricks.DatabricksRunNowOperator","filename":"databricks.py","lineno":149}
{"timestamp":"2026-06-04T19:44:13.821533Z","level":"info","event":"Sleeping for 30 seconds.","logger":"airflow.task.operators.airflow.providers.databricks.operators.databricks.DatabricksRunNowOperator","filename":"databricks.py","lineno":150}
{"timestamp":"2026-06-04T19:44:43.818818Z","level":"info","event":"Using basic auth.","logger":"airflow.task.hooks.airflow.providers.databricks.hooks.databricks.DatabricksHook","filename":"databricks_base.py","lineno":1111}
{"timestamp":"2026-06-04T19:44:44.204608Z","level":"info","event":"ingestion_job in run state: {'life_cycle_state': 'QUEUED', 'result_state': '', 'state_message': ''}","logger":"airflow.task.operators.airflow.providers.databricks.operators.databricks.DatabricksRunNowOperator","filename":"databricks.py","lineno":148}
{"timestamp":"2026-06-04T19:44:44.204906Z","level":"info","event":"View run status, Spark UI, and logs at https://dbc-1c30cec6-32db.cloud.databricks.com/?o=2172704154895513#job/1006954515064088/run/356384769962984","logger":"airflow.task.operators.airflow.providers.databricks.operators.databricks.DatabricksRunNowOperator","filename":"databricks.py","lineno":149}
{"timestamp":"2026-06-04T19:44:44.205013Z","level":"info","event":"Sleeping for 30 seconds.","logger":"airflow.task.operators.airflow.providers.databricks.operators.databricks.DatabricksRunNowOperator","filename":"databricks.py","lineno":150}
{"timestamp":"2026-06-04T19:45:14.204474Z","level":"info","event":"Using basic auth.","logger":"airflow.task.hooks.airflow.providers.databricks.hooks.databricks.DatabricksHook","filename":"databricks_base.py","lineno":1111}
{"timestamp":"2026-06-04T19:45:14.640183Z","level":"info","event":"ingestion_job in run state: {'life_cycle_state': 'QUEUED', 'result_state': '', 'state_message': ''}","logger":"airflow.task.operators.airflow.providers.databricks.operators.databricks.DatabricksRunNowOperator","filename":"databricks.py","lineno":148}
{"timestamp":"2026-06-04T19:45:14.640518Z","level":"info","event":"View run status, Spark UI, and logs at https://dbc-1c30cec6-32db.cloud.databricks.com/?o=2172704154895513#job/1006954515064088/run/356384769962984","logger":"airflow.task.operators.airflow.providers.databricks.operators.databricks.DatabricksRunNowOperator","filename":"databricks.py","lineno":149}
{"timestamp":"2026-06-04T19:45:14.640746Z","level":"info","event":"Sleeping for 30 seconds.","logger":"airflow.task.operators.airflow.providers.databricks.operators.databricks.DatabricksRunNowOperator","filename":"databricks.py","lineno":150}
{"timestamp":"2026-06-04T19:45:44.637374Z","level":"info","event":"Using basic auth.","logger":"airflow.task.hooks.airflow.providers.databricks.hooks.databricks.DatabricksHook","filename":"databricks_base.py","lineno":1111}
{"timestamp":"2026-06-04T19:45:45.047667Z","level":"info","event":"ingestion_job in run state: {'life_cycle_state': 'RUNNING', 'result_state': '', 'state_message': ''}","logger":"airflow.task.operators.airflow.providers.databricks.operators.databricks.DatabricksRunNowOperator","filename":"databricks.py","lineno":148}
{"timestamp":"2026-06-04T19:45:45.047930Z","level":"info","event":"View run status, Spark UI, and logs at https://dbc-1c30cec6-32db.cloud.databricks.com/?o=2172704154895513#job/1006954515064088/run/356384769962984","logger":"airflow.task.operators.airflow.providers.databricks.operators.databricks.DatabricksRunNowOperator","filename":"databricks.py","lineno":149}
{"timestamp":"2026-06-04T19:45:45.048023Z","level":"info","event":"Sleeping for 30 seconds.","logger":"airflow.task.operators.airflow.providers.databricks.operators.databricks.DatabricksRunNowOperator","filename":"databricks.py","lineno":150}
{"timestamp":"2026-06-04T19:46:15.045399Z","level":"info","event":"Using basic auth.","logger":"airflow.task.hooks.airflow.providers.databricks.hooks.databricks.DatabricksHook","filename":"databricks_base.py","lineno":1111}
{"timestamp":"2026-06-04T19:46:15.463397Z","level":"info","event":"ingestion_job completed successfully.","logger":"airflow.task.operators.airflow.providers.databricks.operators.databricks.DatabricksRunNowOperator","filename":"databricks.py","lineno":105}
{"timestamp":"2026-06-04T19:46:15.463632Z","level":"info","event":"View run status, Spark UI, and logs at https://dbc-1c30cec6-32db.cloud.databricks.com/?o=2172704154895513#job/1006954515064088/run/356384769962984","logger":"airflow.task.operators.airflow.providers.databricks.operators.databricks.DatabricksRunNowOperator","filename":"databricks.py","lineno":106}
