{"timestamp":"2026-06-04T21:17:20.788408Z","level":"info","event":"DAG bundles loaded: dags-folder","logger":"airflow.dag_processing.bundles.manager.DagBundlesManager","filename":"manager.py","lineno":209}
{"timestamp":"2026-06-04T21:17:20.791341Z","level":"info","event":"Filling up the DagBag from /opt/airflow/dags/dag_1.py","logger":"airflow.dag_processing.dagbag.BundleDagBag","filename":"dagbag.py","lineno":469}
{"timestamp":"2026-06-04T21:17:20.823932Z","level":"info","event":"/opt/airflow","logger":"task.stdout"}
{"timestamp":"2026-06-04T21:17:20.878499Z","level":"warning","event":"ProvidersManager.hooks is deprecated. Use ProvidersManagerTaskRuntime.hooks from task-sdk instead.","category":"DeprecatedImportWarning","filename":"/home/airflow/.local/lib/python3.13/site-packages/airflow/providers/databricks/hooks/databricks_base.py","lineno":177,"logger":"py.warnings"}
{"timestamp":"2026-06-04T21:17:20.879972Z","level":"info","event":"Using basic auth.","logger":"airflow.task.hooks.airflow.providers.databricks.hooks.databricks.DatabricksHook","filename":"databricks_base.py","lineno":1111}
{"timestamp":"2026-06-04T21:17:21.654055Z","level":"info","event":"Run submitted with run_id: 404837269028187","logger":"airflow.task.operators.airflow.providers.databricks.operators.databricks.DatabricksRunNowOperator","filename":"databricks.py","lineno":94}
{"timestamp":"2026-06-04T21:17:21.654315Z","level":"info","event":"Using basic auth.","logger":"airflow.task.hooks.airflow.providers.databricks.hooks.databricks.DatabricksHook","filename":"databricks_base.py","lineno":1111}
{"timestamp":"2026-06-04T21:17:22.029580Z","level":"info","event":"Using basic auth.","logger":"airflow.task.hooks.airflow.providers.databricks.hooks.databricks.DatabricksHook","filename":"databricks_base.py","lineno":1111}
{"timestamp":"2026-06-04T21:17:22.433722Z","level":"info","event":"gold_later_order_detail_jobjob in run state: {'life_cycle_state': 'QUEUED', 'result_state': '', 'state_message': ''}","logger":"airflow.task.operators.airflow.providers.databricks.operators.databricks.DatabricksRunNowOperator","filename":"databricks.py","lineno":148}
{"timestamp":"2026-06-04T21:17:22.433979Z","level":"info","event":"View run status, Spark UI, and logs at https://dbc-1c30cec6-32db.cloud.databricks.com/?o=2172704154895513#job/1095575216919616/run/404837269028187","logger":"airflow.task.operators.airflow.providers.databricks.operators.databricks.DatabricksRunNowOperator","filename":"databricks.py","lineno":149}
{"timestamp":"2026-06-04T21:17:22.434099Z","level":"info","event":"Sleeping for 30 seconds.","logger":"airflow.task.operators.airflow.providers.databricks.operators.databricks.DatabricksRunNowOperator","filename":"databricks.py","lineno":150}
{"timestamp":"2026-06-04T21:17:52.431492Z","level":"info","event":"Using basic auth.","logger":"airflow.task.hooks.airflow.providers.databricks.hooks.databricks.DatabricksHook","filename":"databricks_base.py","lineno":1111}
{"timestamp":"2026-06-04T21:17:53.101918Z","level":"info","event":"gold_later_order_detail_jobjob in run state: {'life_cycle_state': 'QUEUED', 'result_state': '', 'state_message': ''}","logger":"airflow.task.operators.airflow.providers.databricks.operators.databricks.DatabricksRunNowOperator","filename":"databricks.py","lineno":148}
{"timestamp":"2026-06-04T21:17:53.102184Z","level":"info","event":"View run status, Spark UI, and logs at https://dbc-1c30cec6-32db.cloud.databricks.com/?o=2172704154895513#job/1095575216919616/run/404837269028187","logger":"airflow.task.operators.airflow.providers.databricks.operators.databricks.DatabricksRunNowOperator","filename":"databricks.py","lineno":149}
{"timestamp":"2026-06-04T21:17:53.102313Z","level":"info","event":"Sleeping for 30 seconds.","logger":"airflow.task.operators.airflow.providers.databricks.operators.databricks.DatabricksRunNowOperator","filename":"databricks.py","lineno":150}
{"timestamp":"2026-06-04T21:18:23.098705Z","level":"info","event":"Using basic auth.","logger":"airflow.task.hooks.airflow.providers.databricks.hooks.databricks.DatabricksHook","filename":"databricks_base.py","lineno":1111}
{"timestamp":"2026-06-04T21:18:23.475874Z","level":"info","event":"gold_later_order_detail_jobjob in run state: {'life_cycle_state': 'QUEUED', 'result_state': '', 'state_message': ''}","logger":"airflow.task.operators.airflow.providers.databricks.operators.databricks.DatabricksRunNowOperator","filename":"databricks.py","lineno":148}
{"timestamp":"2026-06-04T21:18:23.476158Z","level":"info","event":"View run status, Spark UI, and logs at https://dbc-1c30cec6-32db.cloud.databricks.com/?o=2172704154895513#job/1095575216919616/run/404837269028187","logger":"airflow.task.operators.airflow.providers.databricks.operators.databricks.DatabricksRunNowOperator","filename":"databricks.py","lineno":149}
{"timestamp":"2026-06-04T21:18:23.476253Z","level":"info","event":"Sleeping for 30 seconds.","logger":"airflow.task.operators.airflow.providers.databricks.operators.databricks.DatabricksRunNowOperator","filename":"databricks.py","lineno":150}
{"timestamp":"2026-06-04T21:18:53.474381Z","level":"info","event":"Using basic auth.","logger":"airflow.task.hooks.airflow.providers.databricks.hooks.databricks.DatabricksHook","filename":"databricks_base.py","lineno":1111}
{"timestamp":"2026-06-04T21:18:53.890137Z","level":"info","event":"gold_later_order_detail_jobjob in run state: {'life_cycle_state': 'QUEUED', 'result_state': '', 'state_message': ''}","logger":"airflow.task.operators.airflow.providers.databricks.operators.databricks.DatabricksRunNowOperator","filename":"databricks.py","lineno":148}
{"timestamp":"2026-06-04T21:18:53.890474Z","level":"info","event":"View run status, Spark UI, and logs at https://dbc-1c30cec6-32db.cloud.databricks.com/?o=2172704154895513#job/1095575216919616/run/404837269028187","logger":"airflow.task.operators.airflow.providers.databricks.operators.databricks.DatabricksRunNowOperator","filename":"databricks.py","lineno":149}
{"timestamp":"2026-06-04T21:18:53.890583Z","level":"info","event":"Sleeping for 30 seconds.","logger":"airflow.task.operators.airflow.providers.databricks.operators.databricks.DatabricksRunNowOperator","filename":"databricks.py","lineno":150}
{"timestamp":"2026-06-04T21:19:23.886796Z","level":"info","event":"Using basic auth.","logger":"airflow.task.hooks.airflow.providers.databricks.hooks.databricks.DatabricksHook","filename":"databricks_base.py","lineno":1111}
{"timestamp":"2026-06-04T21:19:24.261118Z","level":"info","event":"gold_later_order_detail_jobjob in run state: {'life_cycle_state': 'QUEUED', 'result_state': '', 'state_message': ''}","logger":"airflow.task.operators.airflow.providers.databricks.operators.databricks.DatabricksRunNowOperator","filename":"databricks.py","lineno":148}
{"timestamp":"2026-06-04T21:19:24.261461Z","level":"info","event":"View run status, Spark UI, and logs at https://dbc-1c30cec6-32db.cloud.databricks.com/?o=2172704154895513#job/1095575216919616/run/404837269028187","logger":"airflow.task.operators.airflow.providers.databricks.operators.databricks.DatabricksRunNowOperator","filename":"databricks.py","lineno":149}
{"timestamp":"2026-06-04T21:19:24.261558Z","level":"info","event":"Sleeping for 30 seconds.","logger":"airflow.task.operators.airflow.providers.databricks.operators.databricks.DatabricksRunNowOperator","filename":"databricks.py","lineno":150}
{"timestamp":"2026-06-04T21:19:54.260201Z","level":"info","event":"Using basic auth.","logger":"airflow.task.hooks.airflow.providers.databricks.hooks.databricks.DatabricksHook","filename":"databricks_base.py","lineno":1111}
{"timestamp":"2026-06-04T21:19:54.624373Z","level":"info","event":"gold_later_order_detail_jobjob in run state: {'life_cycle_state': 'QUEUED', 'result_state': '', 'state_message': ''}","logger":"airflow.task.operators.airflow.providers.databricks.operators.databricks.DatabricksRunNowOperator","filename":"databricks.py","lineno":148}
{"timestamp":"2026-06-04T21:19:54.624747Z","level":"info","event":"View run status, Spark UI, and logs at https://dbc-1c30cec6-32db.cloud.databricks.com/?o=2172704154895513#job/1095575216919616/run/404837269028187","logger":"airflow.task.operators.airflow.providers.databricks.operators.databricks.DatabricksRunNowOperator","filename":"databricks.py","lineno":149}
{"timestamp":"2026-06-04T21:19:54.624916Z","level":"info","event":"Sleeping for 30 seconds.","logger":"airflow.task.operators.airflow.providers.databricks.operators.databricks.DatabricksRunNowOperator","filename":"databricks.py","lineno":150}
{"timestamp":"2026-06-04T21:20:24.622068Z","level":"info","event":"Using basic auth.","logger":"airflow.task.hooks.airflow.providers.databricks.hooks.databricks.DatabricksHook","filename":"databricks_base.py","lineno":1111}
{"timestamp":"2026-06-04T21:20:25.014801Z","level":"info","event":"gold_later_order_detail_jobjob completed successfully.","logger":"airflow.task.operators.airflow.providers.databricks.operators.databricks.DatabricksRunNowOperator","filename":"databricks.py","lineno":105}
{"timestamp":"2026-06-04T21:20:25.015064Z","level":"info","event":"View run status, Spark UI, and logs at https://dbc-1c30cec6-32db.cloud.databricks.com/?o=2172704154895513#job/1095575216919616/run/404837269028187","logger":"airflow.task.operators.airflow.providers.databricks.operators.databricks.DatabricksRunNowOperator","filename":"databricks.py","lineno":106}
