{"timestamp":"2026-06-04T21:05:02.038910Z","level":"info","event":"DAG bundles loaded: dags-folder","logger":"airflow.dag_processing.bundles.manager.DagBundlesManager","filename":"manager.py","lineno":209}
{"timestamp":"2026-06-04T21:05:02.043866Z","level":"info","event":"Filling up the DagBag from /opt/airflow/dags/dag_1.py","logger":"airflow.dag_processing.dagbag.BundleDagBag","filename":"dagbag.py","lineno":469}
{"timestamp":"2026-06-04T21:05:02.120559Z","level":"info","event":"/opt/airflow","logger":"task.stdout"}
{"timestamp":"2026-06-04T21:05:02.215792Z","level":"warning","event":"ProvidersManager.hooks is deprecated. Use ProvidersManagerTaskRuntime.hooks from task-sdk instead.","category":"DeprecatedImportWarning","filename":"/home/airflow/.local/lib/python3.13/site-packages/airflow/providers/databricks/hooks/databricks_base.py","lineno":177,"logger":"py.warnings"}
{"timestamp":"2026-06-04T21:05:02.218219Z","level":"info","event":"Using basic auth.","logger":"airflow.task.hooks.airflow.providers.databricks.hooks.databricks.DatabricksHook","filename":"databricks_base.py","lineno":1111}
{"timestamp":"2026-06-04T21:05:03.043952Z","level":"info","event":"Run submitted with run_id: 454989723000364","logger":"airflow.task.operators.airflow.providers.databricks.operators.databricks.DatabricksRunNowOperator","filename":"databricks.py","lineno":94}
{"timestamp":"2026-06-04T21:05:03.044394Z","level":"info","event":"Using basic auth.","logger":"airflow.task.hooks.airflow.providers.databricks.hooks.databricks.DatabricksHook","filename":"databricks_base.py","lineno":1111}
{"timestamp":"2026-06-04T21:05:03.446901Z","level":"info","event":"Using basic auth.","logger":"airflow.task.hooks.airflow.providers.databricks.hooks.databricks.DatabricksHook","filename":"databricks_base.py","lineno":1111}
{"timestamp":"2026-06-04T21:05:03.809867Z","level":"info","event":"ingestion_job in run state: {'life_cycle_state': 'RUNNING', 'result_state': '', 'state_message': ''}","logger":"airflow.task.operators.airflow.providers.databricks.operators.databricks.DatabricksRunNowOperator","filename":"databricks.py","lineno":148}
{"timestamp":"2026-06-04T21:05:03.810252Z","level":"info","event":"View run status, Spark UI, and logs at https://dbc-1c30cec6-32db.cloud.databricks.com/?o=2172704154895513#job/1006954515064088/run/454989723000364","logger":"airflow.task.operators.airflow.providers.databricks.operators.databricks.DatabricksRunNowOperator","filename":"databricks.py","lineno":149}
{"timestamp":"2026-06-04T21:05:03.810364Z","level":"info","event":"Sleeping for 30 seconds.","logger":"airflow.task.operators.airflow.providers.databricks.operators.databricks.DatabricksRunNowOperator","filename":"databricks.py","lineno":150}
{"timestamp":"2026-06-04T21:05:33.808570Z","level":"info","event":"Using basic auth.","logger":"airflow.task.hooks.airflow.providers.databricks.hooks.databricks.DatabricksHook","filename":"databricks_base.py","lineno":1111}
{"timestamp":"2026-06-04T21:05:34.280465Z","level":"info","event":"ingestion_job in run state: {'life_cycle_state': 'RUNNING', 'result_state': '', 'state_message': ''}","logger":"airflow.task.operators.airflow.providers.databricks.operators.databricks.DatabricksRunNowOperator","filename":"databricks.py","lineno":148}
{"timestamp":"2026-06-04T21:05:34.280976Z","level":"info","event":"View run status, Spark UI, and logs at https://dbc-1c30cec6-32db.cloud.databricks.com/?o=2172704154895513#job/1006954515064088/run/454989723000364","logger":"airflow.task.operators.airflow.providers.databricks.operators.databricks.DatabricksRunNowOperator","filename":"databricks.py","lineno":149}
{"timestamp":"2026-06-04T21:05:34.281154Z","level":"info","event":"Sleeping for 30 seconds.","logger":"airflow.task.operators.airflow.providers.databricks.operators.databricks.DatabricksRunNowOperator","filename":"databricks.py","lineno":150}
{"timestamp":"2026-06-04T21:06:04.278465Z","level":"info","event":"Using basic auth.","logger":"airflow.task.hooks.airflow.providers.databricks.hooks.databricks.DatabricksHook","filename":"databricks_base.py","lineno":1111}
{"timestamp":"2026-06-04T21:06:04.736373Z","level":"info","event":"ingestion_job in run state: {'life_cycle_state': 'RUNNING', 'result_state': '', 'state_message': ''}","logger":"airflow.task.operators.airflow.providers.databricks.operators.databricks.DatabricksRunNowOperator","filename":"databricks.py","lineno":148}
{"timestamp":"2026-06-04T21:06:04.736834Z","level":"info","event":"View run status, Spark UI, and logs at https://dbc-1c30cec6-32db.cloud.databricks.com/?o=2172704154895513#job/1006954515064088/run/454989723000364","logger":"airflow.task.operators.airflow.providers.databricks.operators.databricks.DatabricksRunNowOperator","filename":"databricks.py","lineno":149}
{"timestamp":"2026-06-04T21:06:04.737530Z","level":"info","event":"Sleeping for 30 seconds.","logger":"airflow.task.operators.airflow.providers.databricks.operators.databricks.DatabricksRunNowOperator","filename":"databricks.py","lineno":150}
{"timestamp":"2026-06-04T21:06:34.735002Z","level":"info","event":"Using basic auth.","logger":"airflow.task.hooks.airflow.providers.databricks.hooks.databricks.DatabricksHook","filename":"databricks_base.py","lineno":1111}
{"timestamp":"2026-06-04T21:06:35.200489Z","level":"info","event":"ingestion_job completed successfully.","logger":"airflow.task.operators.airflow.providers.databricks.operators.databricks.DatabricksRunNowOperator","filename":"databricks.py","lineno":105}
{"timestamp":"2026-06-04T21:06:35.201917Z","level":"info","event":"View run status, Spark UI, and logs at https://dbc-1c30cec6-32db.cloud.databricks.com/?o=2172704154895513#job/1006954515064088/run/454989723000364","logger":"airflow.task.operators.airflow.providers.databricks.operators.databricks.DatabricksRunNowOperator","filename":"databricks.py","lineno":106}
